
> logistics-erp@0.1.0 build
> next build

Γû▓ Next.js 16.1.6 (Turbopack)

  Creating an optimized production build ...
Γ£ô Compiled successfully in 2.2s
  Running TypeScript ...
  Collecting page data using 11 workers ...
  Generating static pages using 11 workers (0/11) ...
  Generating static pages using 11 workers (2/11) 
  Generating static pages using 11 workers (5/11) 
  Generating static pages using 11 workers (8/11) 
Γ£ô Generating static pages using 11 workers (11/11) in 226.2ms
  Finalizing page optimization ...

Route (app)
Γöî Γùï /
Γö£ Γùï /_not-found
Γö£ ╞Æ /api/master-data
Γö£ ╞Æ /api/trips
Γö£ Γùï /driver
Γö£ Γùï /driver/routes
Γö£ Γùï /login
Γö£ Γùï /manager
Γöö Γùï /supervisor


Γùï  (Static)   prerendered as static content
╞Æ  (Dynamic)  server-rendered on demand

